
==============================================================================
[2/17] case01_find_matching_lock
$ /Library/Developer/CommandLineTools/usr/bin/python3 scripts/find_stacks_lock.py 0x0159fa4cd496a40b6531521bb9138a06
==============================================================================
Searching 5008 contract transactions (101 pages) for 0x159fa4cd496a40b6531521bb9138a06
Page 1/101
Page 2/101
Page 3/101
Page 4/101
Page 5/101
Page 6/101
Page 7/101
Page 8/101

Match found. Verify this transaction in Hiro before using it:
tx_id: 0x36f2d5c245d08de980d0d23e4bd23b088312ce9e4b9845b4fd71930f52aab8fc
function: lock
lock-id: 0x0159fa4cd496a40b6531521bb9138a06
arguments:
  lock-id: 0x0159fa4cd496a40b6531521bb9138a06
  trait-address: 'SP3Y2ZSH8P7D50B0VBTSX11S7XSG24M1VB9YFQA4K.token-aeusdc
  amount: u1500000000000
  recipient: 0xec5f2efa1a13c81179ddb0f0d4385e99e275994b000000000000000000000000
  destination: 0x45544800
