
==============================================================================
[9/17] case03_liquity_state
$ forge test --match-path challenges/03-too-big-to-fail/LiquityInspector.t.sol -vv
==============================================================================
No files changed, compilation skipped

Ran 1 test for challenges/03-too-big-to-fail/LiquityInspector.t.sol:LiquityInspector
[PASS] test_InspectBorrower() (gas: 147491)
Logs:
  === Liquity borrower at the historical fork ===
  fork block 12465029
  ETH/USD price (18 decimals) 1976540000000000000000
  Trove status (1 = active) 1
  entire debt, LUSD raw 899999899220000000000000000
  entire collateral, ETH raw 606280000000000000000000
  pending debt reward, raw 0
  pending collateral reward, raw 0
  ICR (18 decimals) 1331485339318991662
  ICR as whole percent 133
  system is in recovery mode true
  Stability Pool LUSD, raw 1076032270139565697964236391
  0.5 percent ETH gas compensation, raw 3031400000000000000000
  0.5 percent ETH gas compensation, whole ETH 3031

Suite result: ok. 1 passed; 0 failed; 0 skipped; finished in 709.08ms (1.98ms CPU time)

Ran 1 test suite in 711.18ms (709.08ms CPU time): 1 tests passed, 0 failed, 0 skipped (1 total tests)
