
==============================================================================
[12/17] case06_uniswap_pool
$ forge test --match-path challenges/06-cold-start/UniswapInspector.t.sol -vv
==============================================================================
No files changed, compilation skipped

Ran 1 test for challenges/06-cold-start/UniswapInspector.t.sol:UniswapInspector
[PASS] test_InspectCashcatPool() (gas: 46426)
Logs:
  === CASHCAT / WETH pool reconnaissance ===
  position manager 0x73991a25C818Bf1f1128dEAaB1492D45638DE0D3
  factory 0x1f7d7550B1b028f7571E69A784071F0205FD2EfA
  WETH 0x0Bd7D308f8E1639FAb988df18A8011f41EAcAD73
  pool 0xA70fc67C9F69da90B63a0e4C05D229954574E313
  fee tier 10000
  token0 0x020bfC650A365f8BB26819deAAbF3E21291018b4
  token1 0x0Bd7D308f8E1639FAb988df18A8011f41EAcAD73
  liquidity 36819258015569838458222
  sqrtPriceX96 31199312807753583808883685
  -156802

Suite result: ok. 1 passed; 0 failed; 0 skipped; finished in 688.03ms (643.25µs CPU time)

Ran 1 test suite in 690.74ms (688.03ms CPU time): 1 tests passed, 0 failed, 0 skipped (1 total tests)
